.next/types/validator.ts(629,39): error TS2307: Cannot find module '../../src/app/api/cron/update-market/route.js' or its corresponding type declarations.
